{"timestamp":"2026-07-27T15:13:45.309498Z","level":"INFO","fields":{"message":"python/3.11.3; huggingface_hub/1.16.1; hf_xet/1.5.0; , xet-core revision 6ed5a00"},"filename":"/Users/runner/work/xet-core/xet-core/xet_runtime/src/logging/init.rs","line_number":65}
{"timestamp":"2026-07-27T15:13:45.309508Z","level":"INFO","fields":{"message":"hf_xet logging configured."},"filename":"src/logging.rs","line_number":36}
{"timestamp":"2026-07-27T15:13:45.309522Z","level":"INFO","fields":{"message":"Increased RLIMIT_NOFILE soft limit from 1048575 to 9223372036854775807"},"filename":"/Users/runner/work/xet-core/xet-core/xet_runtime/src/core/file_handle_limits.rs","line_number":31}
{"timestamp":"2026-07-27T15:13:45.551396Z","level":"INFO","fields":{"message":"Config: min_spacing_between_global_dedup_queries = 256 (default)"},"filename":"/Users/runner/work/xet-core/xet-core/xet_runtime/src/utils/configuration_utils.rs","line_number":53}
{"timestamp":"2026-07-27T15:13:45.551425Z","level":"INFO","fields":{"message":"Config: local_cas_scheme = \"local://\" (default)"},"filename":"/Users/runner/work/xet-core/xet-core/xet_runtime/src/utils/configuration_utils.rs","line_number":53}
{"timestamp":"2026-07-27T15:13:45.551431Z","level":"INFO","fields":{"message":"Config: max_concurrent_file_ingestion = 8 (default)"},"filename":"/Users/runner/work/xet-core/xet-core/xet_runtime/src/utils/configuration_utils.rs","line_number":53}
{"timestamp":"2026-07-27T15:13:45.551435Z","level":"INFO","fields":{"message":"Config: max_concurrent_file_downloads = 8 (default)"},"filename":"/Users/runner/work/xet-core/xet-core/xet_runtime/src/utils/configuration_utils.rs","line_number":53}
{"timestamp":"2026-07-27T15:13:45.551439Z","level":"INFO","fields":{"message":"Config: ingestion_block_size = 8MB (default)"},"filename":"/Users/runner/work/xet-core/xet-core/xet_runtime/src/utils/configuration_utils.rs","line_number":53}
{"timestamp":"2026-07-27T15:13:45.551444Z","level":"INFO","fields":{"message":"Config: progress_update_interval = 200ms (default)"},"filename":"/Users/runner/work/xet-core/xet-core/xet_runtime/src/utils/configuration_utils.rs","line_number":53}
{"timestamp":"2026-07-27T15:13:45.551449Z","level":"INFO","fields":{"message":"Config: progress_update_speed_sampling_window = 10s (default)"},"filename":"/Users/runner/work/xet-core/xet-core/xet_runtime/src/utils/configuration_utils.rs","line_number":53}
{"timestamp":"2026-07-27T15:13:45.551452Z","level":"INFO","fields":{"message":"Config: progress_update_speed_min_observations = 4 (default)"},"filename":"/Users/runner/work/xet-core/xet-core/xet_runtime/src/utils/configuration_utils.rs","line_number":53}
{"timestamp":"2026-07-27T15:13:45.551456Z","level":"INFO","fields":{"message":"Config: session_xorb_metadata_flush_interval = 20s (default)"},"filename":"/Users/runner/work/xet-core/xet-core/xet_runtime/src/utils/configuration_utils.rs","line_number":53}
{"timestamp":"2026-07-27T15:13:45.551459Z","level":"INFO","fields":{"message":"Config: session_xorb_metadata_flush_max_count = 64 (default)"},"filename":"/Users/runner/work/xet-core/xet-core/xet_runtime/src/utils/configuration_utils.rs","line_number":53}
{"timestamp":"2026-07-27T15:13:45.551462Z","level":"INFO","fields":{"message":"Config: default_cas_endpoint = \"http://localhost:8080\" (default)"},"filename":"/Users/runner/work/xet-core/xet-core/xet_runtime/src/utils/configuration_utils.rs","line_number":53}
{"timestamp":"2026-07-27T15:13:45.551466Z","level":"INFO","fields":{"message":"Config: aggregate_progress = true (default)"},"filename":"/Users/runner/work/xet-core/xet-core/xet_runtime/src/utils/configuration_utils.rs","line_number":53}
{"timestamp":"2026-07-27T15:13:45.551469Z","level":"INFO","fields":{"message":"Config: default_prefix = \"default\" (default)"},"filename":"/Users/runner/work/xet-core/xet-core/xet_runtime/src/utils/configuration_utils.rs","line_number":53}
{"timestamp":"2026-07-27T15:13:45.551472Z","level":"INFO","fields":{"message":"Config: staging_subdir = \"staging\" (default)"},"filename":"/Users/runner/work/xet-core/xet-core/xet_runtime/src/utils/configuration_utils.rs","line_number":53}
{"timestamp":"2026-07-27T15:13:45.551476Z","level":"INFO","fields":{"message":"Config: target_size = 67108864 (default)"},"filename":"/Users/runner/work/xet-core/xet-core/xet_runtime/src/utils/configuration_utils.rs","line_number":53}
{"timestamp":"2026-07-27T15:13:45.551479Z","level":"INFO","fields":{"message":"Config: max_target_size = 67108864 (default)"},"filename":"/Users/runner/work/xet-core/xet-core/xet_runtime/src/utils/configuration_utils.rs","line_number":53}
{"timestamp":"2026-07-27T15:13:45.551483Z","level":"INFO","fields":{"message":"Config: cache_size_limit = 16GB (default)"},"filename":"/Users/runner/work/xet-core/xet-core/xet_runtime/src/utils/configuration_utils.rs","line_number":53}
{"timestamp":"2026-07-27T15:13:45.551495Z","level":"INFO","fields":{"message":"Config: chunk_index_table_max_size = 67108864 (default)"},"filename":"/Users/runner/work/xet-core/xet-core/xet_runtime/src/utils/configuration_utils.rs","line_number":53}
{"timestamp":"2026-07-27T15:13:45.551498Z","level":"INFO","fields":{"message":"Config: cache_subdir = \"shard-cache\" (default)"},"filename":"/Users/runner/work/xet-core/xet-core/xet_runtime/src/utils/configuration_utils.rs","line_number":53}
{"timestamp":"2026-07-27T15:13:45.551501Z","level":"INFO","fields":{"message":"Config: nranges_in_streaming_fragmentation_estimator = 128 (default)"},"filename":"/Users/runner/work/xet-core/xet-core/xet_runtime/src/utils/configuration_utils.rs","line_number":53}
{"timestamp":"2026-07-27T15:13:45.551505Z","level":"INFO","fields":{"message":"Config: min_n_chunks_per_range_hysteresis_factor = 0.5 (default)"},"filename":"/Users/runner/work/xet-core/xet-core/xet_runtime/src/utils/configuration_utils.rs","line_number":53}
{"timestamp":"2026-07-27T15:13:45.551529Z","level":"INFO","fields":{"message":"Config: min_n_chunks_per_range = 8.0 (default)"},"filename":"/Users/runner/work/xet-core/xet-core/xet_runtime/src/utils/configuration_utils.rs","line_number":53}
{"timestamp":"2026-07-27T15:13:45.551533Z","level":"INFO","fields":{"message":"Config: global_dedup_query_enabled = true (default)"},"filename":"/Users/runner/work/xet-core/xet-core/xet_runtime/src/utils/configuration_utils.rs","line_number":53}
{"timestamp":"2026-07-27T15:13:45.551539Z","level":"INFO","fields":{"message":"Config: size_bytes = 0 (default)"},"filename":"/Users/runner/work/xet-core/xet-core/xet_runtime/src/utils/configuration_utils.rs","line_number":53}
{"timestamp":"2026-07-27T15:13:45.551542Z","level":"INFO","fields":{"message":"Config: retry_max_attempts = 5 (default)"},"filename":"/Users/runner/work/xet-core/xet-core/xet_runtime/src/utils/configuration_utils.rs","line_number":53}
{"timestamp":"2026-07-27T15:13:45.551545Z","level":"INFO","fields":{"message":"Config: retry_base_delay = 3s (default)"},"filename":"/Users/runner/work/xet-core/xet-core/xet_runtime/src/utils/configuration_utils.rs","line_number":53}
{"timestamp":"2026-07-27T15:13:45.551548Z","level":"INFO","fields":{"message":"Config: retry_max_duration = 360s (default)"},"filename":"/Users/runner/work/xet-core/xet-core/xet_runtime/src/utils/configuration_utils.rs","line_number":53}
{"timestamp":"2026-07-27T15:13:45.551551Z","level":"INFO","fields":{"message":"Config: idle_connection_timeout = 60s (default)"},"filename":"/Users/runner/work/xet-core/xet-core/xet_runtime/src/utils/configuration_utils.rs","line_number":53}
{"timestamp":"2026-07-27T15:13:45.551554Z","level":"INFO","fields":{"message":"Config: max_idle_connections = 16 (default)"},"filename":"/Users/runner/work/xet-core/xet-core/xet_runtime/src/utils/configuration_utils.rs","line_number":53}
{"timestamp":"2026-07-27T15:13:45.551557Z","level":"INFO","fields":{"message":"Config: connect_timeout = 60s (default)"},"filename":"/Users/runner/work/xet-core/xet-core/xet_runtime/src/utils/configuration_utils.rs","line_number":53}
{"timestamp":"2026-07-27T15:13:45.551560Z","level":"INFO","fields":{"message":"Config: read_timeout = 120s (default)"},"filename":"/Users/runner/work/xet-core/xet-core/xet_runtime/src/utils/configuration_utils.rs","line_number":53}
{"timestamp":"2026-07-27T15:13:45.551564Z","level":"INFO","fields":{"message":"Config: upload_reporting_block_size = 524288 (default)"},"filename":"/Users/runner/work/xet-core/xet-core/xet_runtime/src/utils/configuration_utils.rs","line_number":53}
{"timestamp":"2026-07-27T15:13:45.551567Z","level":"INFO","fields":{"message":"Config: enable_adaptive_concurrency = true (default)"},"filename":"/Users/runner/work/xet-core/xet-core/xet_runtime/src/utils/configuration_utils.rs","line_number":53}
{"timestamp":"2026-07-27T15:13:45.551570Z","level":"INFO","fields":{"message":"Config: ac_min_adjustment_window_ms = 500 (default)"},"filename":"/Users/runner/work/xet-core/xet-core/xet_runtime/src/utils/configuration_utils.rs","line_number":53}
{"timestamp":"2026-07-27T15:13:45.551573Z","level":"INFO","fields":{"message":"Config: ac_min_bytes_required_for_adjustment = 20MB (default)"},"filename":"/Users/runner/work/xet-core/xet-core/xet_runtime/src/utils/configuration_utils.rs","line_number":53}
{"timestamp":"2026-07-27T15:13:45.551577Z","level":"INFO","fields":{"message":"Config: ac_num_transmissions_required_for_adjustment = 1 (default)"},"filename":"/Users/runner/work/xet-core/xet-core/xet_runtime/src/utils/configuration_utils.rs","line_number":53}
{"timestamp":"2026-07-27T15:13:45.551580Z","level":"INFO","fields":{"message":"Config: ac_latency_rtt_half_life = 64.0 (default)"},"filename":"/Users/runner/work/xet-core/xet-core/xet_runtime/src/utils/configuration_utils.rs","line_number":53}
{"timestamp":"2026-07-27T15:13:45.551584Z","level":"INFO","fields":{"message":"Config: ac_success_tracking_half_life = 8.0 (default)"},"filename":"/Users/runner/work/xet-core/xet-core/xet_runtime/src/utils/configuration_utils.rs","line_number":53}
{"timestamp":"2026-07-27T15:13:45.551587Z","level":"INFO","fields":{"message":"Config: ac_target_rtt = 60s (default)"},"filename":"/Users/runner/work/xet-core/xet-core/xet_runtime/src/utils/configuration_utils.rs","line_number":53}
{"timestamp":"2026-07-27T15:13:45.551590Z","level":"INFO","fields":{"message":"Config: ac_max_healthy_rtt = 90s (default)"},"filename":"/Users/runner/work/xet-core/xet-core/xet_runtime/src/utils/configuration_utils.rs","line_number":53}
{"timestamp":"2026-07-27T15:13:45.551593Z","level":"INFO","fields":{"message":"Config: ac_rtt_success_max_quantile = 0.95 (default)"},"filename":"/Users/runner/work/xet-core/xet-core/xet_runtime/src/utils/configuration_utils.rs","line_number":53}
{"timestamp":"2026-07-27T15:13:45.551596Z","level":"INFO","fields":{"message":"Config: ac_healthy_success_ratio_threshold = 0.8 (default)"},"filename":"/Users/runner/work/xet-core/xet-core/xet_runtime/src/utils/configuration_utils.rs","line_number":53}
{"timestamp":"2026-07-27T15:13:45.551599Z","level":"INFO","fields":{"message":"Config: ac_unhealthy_success_ratio_threshold = 0.5 (default)"},"filename":"/Users/runner/work/xet-core/xet-core/xet_runtime/src/utils/configuration_utils.rs","line_number":53}
{"timestamp":"2026-07-27T15:13:45.551602Z","level":"INFO","fields":{"message":"Config: ac_max_reference_transmission_size = 64MB (default)"},"filename":"/Users/runner/work/xet-core/xet-core/xet_runtime/src/utils/configuration_utils.rs","line_number":53}
{"timestamp":"2026-07-27T15:13:45.551606Z","level":"INFO","fields":{"message":"Config: ac_min_reference_transmission_size = 1MB (default)"},"filename":"/Users/runner/work/xet-core/xet-core/xet_runtime/src/utils/configuration_utils.rs","line_number":53}
{"timestamp":"2026-07-27T15:13:45.551609Z","level":"INFO","fields":{"message":"Config: ac_logging_interval_ms = 10000 (default)"},"filename":"/Users/runner/work/xet-core/xet-core/xet_runtime/src/utils/configuration_utils.rs","line_number":53}
{"timestamp":"2026-07-27T15:13:45.551612Z","level":"INFO","fields":{"message":"Config: ac_max_upload_concurrency = 64 (default)"},"filename":"/Users/runner/work/xet-core/xet-core/xet_runtime/src/utils/configuration_utils.rs","line_number":53}
{"timestamp":"2026-07-27T15:13:45.551616Z","level":"INFO","fields":{"message":"Config: ac_min_upload_concurrency = 1 (default)"},"filename":"/Users/runner/work/xet-core/xet-core/xet_runtime/src/utils/configuration_utils.rs","line_number":53}
{"timestamp":"2026-07-27T15:13:45.551619Z","level":"INFO","fields":{"message":"Config: ac_initial_upload_concurrency = 2 (default)"},"filename":"/Users/runner/work/xet-core/xet-core/xet_runtime/src/utils/configuration_utils.rs","line_number":53}
{"timestamp":"2026-07-27T15:13:45.551623Z","level":"INFO","fields":{"message":"Config: ac_max_download_concurrency = 64 (default)"},"filename":"/Users/runner/work/xet-core/xet-core/xet_runtime/src/utils/configuration_utils.rs","line_number":53}
{"timestamp":"2026-07-27T15:13:45.551626Z","level":"INFO","fields":{"message":"Config: ac_min_download_concurrency = 1 (default)"},"filename":"/Users/runner/work/xet-core/xet-core/xet_runtime/src/utils/configuration_utils.rs","line_number":53}
{"timestamp":"2026-07-27T15:13:45.551630Z","level":"INFO","fields":{"message":"Config: ac_initial_download_concurrency = 4 (default)"},"filename":"/Users/runner/work/xet-core/xet-core/xet_runtime/src/utils/configuration_utils.rs","line_number":53}
{"timestamp":"2026-07-27T15:13:45.551633Z","level":"INFO","fields":{"message":"Config: unix_socket_path = None (default)"},"filename":"/Users/runner/work/xet-core/xet-core/xet_runtime/src/utils/configuration_utils.rs","line_number":53}
{"timestamp":"2026-07-27T15:13:45.551636Z","level":"INFO","fields":{"message":"Config: reconstruction_api_version = None (default)"},"filename":"/Users/runner/work/xet-core/xet-core/xet_runtime/src/utils/configuration_utils.rs","line_number":53}
{"timestamp":"2026-07-27T15:13:45.551660Z","level":"INFO","fields":{"message":"Config: enable_multirange_fetching = false (default)"},"filename":"/Users/runner/work/xet-core/xet-core/xet_runtime/src/utils/configuration_utils.rs","line_number":53}
{"timestamp":"2026-07-27T15:13:45.551663Z","level":"INFO","fields":{"message":"Config: dest = None (default)"},"filename":"/Users/runner/work/xet-core/xet-core/xet_runtime/src/utils/configuration_utils.rs","line_number":53}
{"timestamp":"2026-07-27T15:13:45.551666Z","level":"INFO","fields":{"message":"Config: format = None (default)"},"filename":"/Users/runner/work/xet-core/xet-core/xet_runtime/src/utils/configuration_utils.rs","line_number":53}
{"timestamp":"2026-07-27T15:13:45.551669Z","level":"INFO","fields":{"message":"Config: prefix = \"xet\" (default)"},"filename":"/Users/runner/work/xet-core/xet-core/xet_runtime/src/utils/configuration_utils.rs","line_number":53}
{"timestamp":"2026-07-27T15:13:45.551672Z","level":"INFO","fields":{"message":"Config: dir_disable_cleanup = false (default)"},"filename":"/Users/runner/work/xet-core/xet-core/xet_runtime/src/utils/configuration_utils.rs","line_number":53}
{"timestamp":"2026-07-27T15:13:45.551676Z","level":"INFO","fields":{"message":"Config: dir_max_size = 250MB (default)"},"filename":"/Users/runner/work/xet-core/xet-core/xet_runtime/src/utils/configuration_utils.rs","line_number":53}
{"timestamp":"2026-07-27T15:13:45.551679Z","level":"INFO","fields":{"message":"Config: dir_min_deletion_age = 86400s (default)"},"filename":"/Users/runner/work/xet-core/xet-core/xet_runtime/src/utils/configuration_utils.rs","line_number":53}
{"timestamp":"2026-07-27T15:13:45.551682Z","level":"INFO","fields":{"message":"Config: dir_max_retention_age = 1209600s (default)"},"filename":"/Users/runner/work/xet-core/xet-core/xet_runtime/src/utils/configuration_utils.rs","line_number":53}
{"timestamp":"2026-07-27T15:13:45.551685Z","level":"INFO","fields":{"message":"Config: min_reconstruction_fetch_size = 256MB (default)"},"filename":"/Users/runner/work/xet-core/xet-core/xet_runtime/src/utils/configuration_utils.rs","line_number":53}
{"timestamp":"2026-07-27T15:13:45.551689Z","level":"INFO","fields":{"message":"Config: max_reconstruction_fetch_size = 8GB (default)"},"filename":"/Users/runner/work/xet-core/xet-core/xet_runtime/src/utils/configuration_utils.rs","line_number":53}
{"timestamp":"2026-07-27T15:13:45.551692Z","level":"INFO","fields":{"message":"Config: download_buffer_size = 2GB (default)"},"filename":"/Users/runner/work/xet-core/xet-core/xet_runtime/src/utils/configuration_utils.rs","line_number":53}
{"timestamp":"2026-07-27T15:13:45.551695Z","level":"INFO","fields":{"message":"Config: download_buffer_perfile_size = 512MB (default)"},"filename":"/Users/runner/work/xet-core/xet-core/xet_runtime/src/utils/configuration_utils.rs","line_number":53}
{"timestamp":"2026-07-27T15:13:45.551698Z","level":"INFO","fields":{"message":"Config: download_buffer_limit = 8GB (default)"},"filename":"/Users/runner/work/xet-core/xet-core/xet_runtime/src/utils/configuration_utils.rs","line_number":53}
{"timestamp":"2026-07-27T15:13:45.551702Z","level":"INFO","fields":{"message":"Config: completion_rate_estimator_half_life = 4.0 (default)"},"filename":"/Users/runner/work/xet-core/xet-core/xet_runtime/src/utils/configuration_utils.rs","line_number":53}
{"timestamp":"2026-07-27T15:13:45.551705Z","level":"INFO","fields":{"message":"Config: target_block_completion_time = 900s (default)"},"filename":"/Users/runner/work/xet-core/xet-core/xet_runtime/src/utils/configuration_utils.rs","line_number":53}
{"timestamp":"2026-07-27T15:13:45.551708Z","level":"INFO","fields":{"message":"Config: min_prefetch_buffer = 1GB (default)"},"filename":"/Users/runner/work/xet-core/xet-core/xet_runtime/src/utils/configuration_utils.rs","line_number":53}
{"timestamp":"2026-07-27T15:13:45.551711Z","level":"INFO","fields":{"message":"Config: use_vectored_write = true (default)"},"filename":"/Users/runner/work/xet-core/xet-core/xet_runtime/src/utils/configuration_utils.rs","line_number":53}
{"timestamp":"2026-07-27T15:13:45.551714Z","level":"INFO","fields":{"message":"Config: compression_scheme_retest_interval = 32 (default)"},"filename":"/Users/runner/work/xet-core/xet-core/xet_runtime/src/utils/configuration_utils.rs","line_number":53}
{"timestamp":"2026-07-27T15:13:45.551719Z","level":"INFO","fields":{"message":"Config: compression_policy = \"auto\" (default)"},"filename":"/Users/runner/work/xet-core/xet-core/xet_runtime/src/utils/config_enum.rs","line_number":174}
{"timestamp":"2026-07-27T15:13:45.551722Z","level":"INFO","fields":{"message":"Config: simulation_max_bytes = None (default)"},"filename":"/Users/runner/work/xet-core/xet-core/xet_runtime/src/utils/configuration_utils.rs","line_number":53}
{"timestamp":"2026-07-27T15:13:45.551726Z","level":"INFO","fields":{"message":"Config: simulation_max_chunks = None (default)"},"filename":"/Users/runner/work/xet-core/xet-core/xet_runtime/src/utils/configuration_utils.rs","line_number":53}
{"timestamp":"2026-07-27T15:13:45.551749Z","level":"INFO","fields":{"message":"Config: dir_name = \"shard-session\" (default)"},"filename":"/Users/runner/work/xet-core/xet-core/xet_runtime/src/utils/configuration_utils.rs","line_number":53}
{"timestamp":"2026-07-27T15:13:45.551753Z","level":"INFO","fields":{"message":"Config: enabled = false (default)"},"filename":"/Users/runner/work/xet-core/xet-core/xet_runtime/src/utils/configuration_utils.rs","line_number":53}
{"timestamp":"2026-07-27T15:13:45.551756Z","level":"INFO","fields":{"message":"Config: sample_interval = 5s (default)"},"filename":"/Users/runner/work/xet-core/xet-core/xet_runtime/src/utils/configuration_utils.rs","line_number":53}
{"timestamp":"2026-07-27T15:13:45.551760Z","level":"INFO","fields":{"message":"Config: log_path = None (default)"},"filename":"/Users/runner/work/xet-core/xet-core/xet_runtime/src/utils/configuration_utils.rs","line_number":53}
{"timestamp":"2026-07-27T15:13:45.551820Z","level":"INFO","fields":{"message":"Using 8 async threads for tokio runtime"},"filename":"/Users/runner/work/xet-core/xet-core/xet_runtime/src/core/runtime.rs","line_number":70}
{"timestamp":"2026-07-27T15:13:45.553360Z","level":"INFO","fields":{"message":"TranslatorConfig initialized","endpoint":"https://cas-server.xethub.hf.co","session_id":"Some(\"019fa423-9e50-7330-8767-55cf2cef897f\")","shard_cache":"/Users/_maulikkk/Desktop/ContextBridge/.cache/huggingface/xet/https___cas_serv-tGqkUaZf_CBPHQ6h/shard-cache","shard_session":"/Users/_maulikkk/Desktop/ContextBridge/.cache/huggingface/xet/https___cas_serv-tGqkUaZf_CBPHQ6h/staging/shard-session"},"filename":"/Users/runner/work/xet-core/xet-core/xet_data/src/processing/configurations.rs","line_number":115,"span":{"num_files":1,"name":"data_client::download"},"spans":[{"num_files":1,"name":"data_client::download"}]}
{"timestamp":"2026-07-27T15:13:45.555550Z","level":"INFO","fields":{"message":"HTTP client configured","idle_timeout":"60s","max_idle_connections":16,"custom_headers":"Some({\"user-agent\": \"unknown/None; hf_hub/1.16.1; python/3.11.3; torch/2.10.0; transformers/5.9.0; session_id/05326383c05a44ec8dd1383e20294589; file_type/model; framework/pytorch; from_auto_class/True; hf_xet/1.5.0\"})"},"filename":"/Users/runner/work/xet-core/xet-core/xet_client/src/common/http_client.rs","line_number":187,"span":{"num_files":1,"session_id":"019fa423-9e50-7330-8767-55cf2cef897f","name":"data_client::download"},"spans":[{"num_files":1,"session_id":"019fa423-9e50-7330-8767-55cf2cef897f","name":"data_client::download"}]}
{"timestamp":"2026-07-27T15:13:45.555603Z","level":"INFO","fields":{"message":"CAS auth disabled","caller":"/Users/runner/work/xet-core/xet-core/xet_client/src/common/http_client.rs:166"},"filename":"/Users/runner/work/xet-core/xet-core/xet_runtime/src/error_printer/mod.rs","line_number":198,"span":{"num_files":1,"session_id":"019fa423-9e50-7330-8767-55cf2cef897f","name":"data_client::download"},"spans":[{"num_files":1,"session_id":"019fa423-9e50-7330-8767-55cf2cef897f","name":"data_client::download"}]}
{"timestamp":"2026-07-27T15:13:45.555615Z","level":"INFO","fields":{"message":"HTTP client configured","idle_timeout":"60s","max_idle_connections":16,"custom_headers":"Some({\"user-agent\": \"unknown/None; hf_hub/1.16.1; python/3.11.3; torch/2.10.0; transformers/5.9.0; session_id/05326383c05a44ec8dd1383e20294589; file_type/model; framework/pytorch; from_auto_class/True; hf_xet/1.5.0\"})"},"filename":"/Users/runner/work/xet-core/xet-core/xet_client/src/common/http_client.rs","line_number":187,"span":{"num_files":1,"session_id":"019fa423-9e50-7330-8767-55cf2cef897f","name":"data_client::download"},"spans":[{"num_files":1,"session_id":"019fa423-9e50-7330-8767-55cf2cef897f","name":"data_client::download"}]}
{"timestamp":"2026-07-27T15:13:45.555908Z","level":"INFO","fields":{"message":"No-read-timeout HTTP client configured (for shard uploads)","connect_timeout":"60s"},"filename":"/Users/runner/work/xet-core/xet-core/xet_client/src/common/http_client.rs","line_number":136,"span":{"num_files":1,"session_id":"019fa423-9e50-7330-8767-55cf2cef897f","name":"data_client::download"},"spans":[{"num_files":1,"session_id":"019fa423-9e50-7330-8767-55cf2cef897f","name":"data_client::download"}]}
{"timestamp":"2026-07-27T15:13:45.555924Z","level":"INFO","fields":{"message":"Initializing Adaptive Concurrency Controller for upload with starting concurrency = 2; min = 1, max = 64, min_bytes_for_adjustment = 20000000, min_completed_transmissions_for_adjustment = 1"},"filename":"/Users/runner/work/xet-core/xet-core/xet_client/src/cas_client/adaptive_concurrency/controller.rs","line_number":301,"span":{"num_files":1,"session_id":"019fa423-9e50-7330-8767-55cf2cef897f","name":"data_client::download"},"spans":[{"num_files":1,"session_id":"019fa423-9e50-7330-8767-55cf2cef897f","name":"data_client::download"}]}
{"timestamp":"2026-07-27T15:13:45.555963Z","level":"INFO","fields":{"message":"Initializing Adaptive Concurrency Controller for download with starting concurrency = 4; min = 1, max = 64, min_bytes_for_adjustment = 20000000, min_completed_transmissions_for_adjustment = 1"},"filename":"/Users/runner/work/xet-core/xet-core/xet_client/src/cas_client/adaptive_concurrency/controller.rs","line_number":301,"span":{"num_files":1,"session_id":"019fa423-9e50-7330-8767-55cf2cef897f","name":"data_client::download"},"spans":[{"num_files":1,"session_id":"019fa423-9e50-7330-8767-55cf2cef897f","name":"data_client::download"}]}
{"timestamp":"2026-07-27T15:13:45.556091Z","level":"INFO","fields":{"message":"Reconstructing file to disk","file_hash":"789fdf16a3e59f4fbfb6002967ecee539a198dadb5be74ca549aa7dc9b1b55fb","byte_range":"None","path":"/Users/_maulikkk/Desktop/ContextBridge/.cache/sentence-transformers/models--sentence-transformers--all-MiniLM-L6-v2/blobs/53aa51172d142c89d9012cce15ae4d6cc0ca6895895114379cacb4fab128d9db.incomplete","write_offset":"None"},"filename":"/Users/runner/work/xet-core/xet-core/xet_data/src/file_reconstruction/file_reconstructor.rs","line_number":121}
{"timestamp":"2026-07-27T15:13:45.556653Z","level":"INFO","fields":{"message":"Scheduling prefetch block","file_hash":"789fdf16a3e59f4fbfb6002967ecee539a198dadb5be74ca549aa7dc9b1b55fb","prefetch_range":"(0, 256000000)","requested_block_size":256000000,"actual_block_size":256000000,"queue_depth":1},"filename":"/Users/runner/work/xet-core/xet-core/xet_data/src/file_reconstruction/reconstruction_terms/manager.rs","line_number":272}
{"timestamp":"2026-07-27T15:13:45.556746Z","level":"INFO","fields":{"message":"Scheduling prefetch block","file_hash":"789fdf16a3e59f4fbfb6002967ecee539a198dadb5be74ca549aa7dc9b1b55fb","prefetch_range":"(256000000, 768000000)","requested_block_size":512000000,"actual_block_size":512000000,"queue_depth":2},"filename":"/Users/runner/work/xet-core/xet-core/xet_data/src/file_reconstruction/reconstruction_terms/manager.rs","line_number":272}
{"timestamp":"2026-07-27T15:13:45.556764Z","level":"INFO","fields":{"message":"Scheduling prefetch block","file_hash":"789fdf16a3e59f4fbfb6002967ecee539a198dadb5be74ca549aa7dc9b1b55fb","prefetch_range":"(768000000, 1024000000)","requested_block_size":256000000,"actual_block_size":256000000,"queue_depth":3},"filename":"/Users/runner/work/xet-core/xet-core/xet_data/src/file_reconstruction/reconstruction_terms/manager.rs","line_number":272}
{"timestamp":"2026-07-27T15:13:45.556881Z","level":"INFO","fields":{"message":"Starting get_reconstruction API call","call_id":3,"file_id":"789fdf16a3e59f4fbfb6002967ecee539a198dadb5be74ca549aa7dc9b1b55fb","bytes_range":"Some(Range { start: 256000000, end: 768000000 })","api_version":"v2"},"filename":"/Users/runner/work/xet-core/xet-core/xet_client/src/cas_client/remote_client.rs","line_number":208}
{"timestamp":"2026-07-27T15:13:45.556888Z","level":"INFO","fields":{"message":"Starting get_reconstruction API call","call_id":2,"file_id":"789fdf16a3e59f4fbfb6002967ecee539a198dadb5be74ca549aa7dc9b1b55fb","bytes_range":"Some(Range { start: 0, end: 256000000 })","api_version":"v2"},"filename":"/Users/runner/work/xet-core/xet-core/xet_client/src/cas_client/remote_client.rs","line_number":208}
{"timestamp":"2026-07-27T15:13:45.556895Z","level":"INFO","fields":{"message":"Retry strategy","max_attempts":5,"base_delay":"3s","no_retry_on_429":false},"filename":"/Users/runner/work/xet-core/xet-core/xet_client/src/cas_client/retry_wrapper.rs","line_number":235}
{"timestamp":"2026-07-27T15:13:45.556900Z","level":"INFO","fields":{"message":"Retry strategy","max_attempts":5,"base_delay":"3s","no_retry_on_429":false},"filename":"/Users/runner/work/xet-core/xet-core/xet_client/src/cas_client/retry_wrapper.rs","line_number":235}
{"timestamp":"2026-07-27T15:13:45.556906Z","level":"INFO","fields":{"message":"Starting get_reconstruction API call","call_id":1,"file_id":"789fdf16a3e59f4fbfb6002967ecee539a198dadb5be74ca549aa7dc9b1b55fb","bytes_range":"Some(Range { start: 768000000, end: 1024000000 })","api_version":"v2"},"filename":"/Users/runner/work/xet-core/xet-core/xet_client/src/cas_client/remote_client.rs","line_number":208}
{"timestamp":"2026-07-27T15:13:45.556914Z","level":"INFO","fields":{"message":"Retry strategy","max_attempts":5,"base_delay":"3s","no_retry_on_429":false},"filename":"/Users/runner/work/xet-core/xet-core/xet_client/src/cas_client/retry_wrapper.rs","line_number":235}
{"timestamp":"2026-07-27T15:13:46.720386Z","level":"INFO","fields":{"message":"Received CAS response","request_id":"01KYJ278MZHX4ZM1CR596T7DDK","status_code":416},"filename":"/Users/runner/work/xet-core/xet-core/xet_client/src/common/http_client.rs","line_number":288}
{"timestamp":"2026-07-27T15:13:46.720437Z","level":"INFO","fields":{"message":"Reached end of reconstruction 416 (Range Not Satisfiable): \"cas::get_reconstruction_v2\" api call failed (request id 01KYJ278MZHX4ZM1CR596T7DDK): HTTP status client error (416 Range Not Satisfiable) for url (https://cas-server.xethub.hf.co/v2/reconstructions/789fdf16a3e59f4fbfb6002967ecee539a198dadb5be74ca549aa7dc9b1b55fb)"},"filename":"/Users/runner/work/xet-core/xet-core/xet_client/src/cas_client/retry_wrapper.rs","line_number":151}
{"timestamp":"2026-07-27T15:13:46.736329Z","level":"INFO","fields":{"message":"Received CAS response","request_id":"01KYJ278NGR4N9QBSNT9ER80X0","status_code":416},"filename":"/Users/runner/work/xet-core/xet-core/xet_client/src/common/http_client.rs","line_number":288}
{"timestamp":"2026-07-27T15:13:46.736357Z","level":"INFO","fields":{"message":"Reached end of reconstruction 416 (Range Not Satisfiable): \"cas::get_reconstruction_v2\" api call failed (request id 01KYJ278NGR4N9QBSNT9ER80X0): HTTP status client error (416 Range Not Satisfiable) for url (https://cas-server.xethub.hf.co/v2/reconstructions/789fdf16a3e59f4fbfb6002967ecee539a198dadb5be74ca549aa7dc9b1b55fb)"},"filename":"/Users/runner/work/xet-core/xet-core/xet_client/src/cas_client/retry_wrapper.rs","line_number":151}
{"timestamp":"2026-07-27T15:13:46.774237Z","level":"INFO","fields":{"message":"Received CAS response","request_id":"01KYJ278NJ5VV2YDACJHQSK7JT","status_code":200},"filename":"/Users/runner/work/xet-core/xet-core/xet_client/src/common/http_client.rs","line_number":288}
{"timestamp":"2026-07-27T15:13:46.774259Z","level":"INFO","fields":{"message":"Request Success: cas::get_reconstruction_v2 api call succeeded (request id 01KYJ278NJ5VV2YDACJHQSK7JT)."},"filename":"/Users/runner/work/xet-core/xet-core/xet_client/src/cas_client/retry_wrapper.rs","line_number":196}
{"timestamp":"2026-07-27T15:13:46.774344Z","level":"INFO","fields":{"message":"Completed get_reconstruction API call","call_id":2,"file_id":"789fdf16a3e59f4fbfb6002967ecee539a198dadb5be74ca549aa7dc9b1b55fb","bytes_range":"Some(Range { start: 0, end: 256000000 })","api_version":"v2"},"filename":"/Users/runner/work/xet-core/xet-core/xet_client/src/cas_client/remote_client.rs","line_number":232}
{"timestamp":"2026-07-27T15:13:46.774408Z","level":"INFO","fields":{"message":"Received block of file terms from prefetch queue","file_hash":"789fdf16a3e59f4fbfb6002967ecee539a198dadb5be74ca549aa7dc9b1b55fb","domain":"us.aws.cdn.hf.co","block_start":0,"block_end":90868376,"block_size":4},"filename":"/Users/runner/work/xet-core/xet-core/xet_data/src/file_reconstruction/reconstruction_terms/manager.rs","line_number":151}
{"timestamp":"2026-07-27T15:13:46.774456Z","level":"INFO","fields":{"message":"Updated completion rate estimate based on previous block completion time (seconds).","file_hash":"789fdf16a3e59f4fbfb6002967ecee539a198dadb5be74ca549aa7dc9b1b55fb","block_start":0,"block_end":90868376,"block_size":90868376,"completion_time":0.000047541},"filename":"/Users/runner/work/xet-core/xet-core/xet_data/src/file_reconstruction/reconstruction_terms/manager.rs","line_number":104}
{"timestamp":"2026-07-27T15:13:46.774464Z","level":"INFO","fields":{"message":"Completed prefetch queue; end of file reached.","file_hash":"789fdf16a3e59f4fbfb6002967ecee539a198dadb5be74ca549aa7dc9b1b55fb","prefetched_byte_position":1024000000},"filename":"/Users/runner/work/xet-core/xet-core/xet_data/src/file_reconstruction/reconstruction_terms/manager.rs","line_number":178}
{"timestamp":"2026-07-27T15:13:46.774469Z","level":"INFO","fields":{"message":"All term blocks received and scheduled for writing","file_hash":"789fdf16a3e59f4fbfb6002967ecee539a198dadb5be74ca549aa7dc9b1b55fb","block_count":1,"total_terms_processed":4,"total_bytes_scheduled":90868376},"filename":"/Users/runner/work/xet-core/xet-core/xet_data/src/file_reconstruction/run_state.rs","line_number":150}
{"timestamp":"2026-07-27T15:13:46.774479Z","level":"INFO","fields":{"message":"Retry strategy","max_attempts":5,"base_delay":"3s","no_retry_on_429":false},"filename":"/Users/runner/work/xet-core/xet-core/xet_client/src/cas_client/retry_wrapper.rs","line_number":235}
{"timestamp":"2026-07-27T15:13:46.774476Z","level":"INFO","fields":{"message":"Retry strategy","max_attempts":5,"base_delay":"3s","no_retry_on_429":false},"filename":"/Users/runner/work/xet-core/xet-core/xet_client/src/cas_client/retry_wrapper.rs","line_number":235}
{"timestamp":"2026-07-27T15:13:46.774578Z","level":"INFO","fields":{"message":"Retry strategy","max_attempts":5,"base_delay":"3s","no_retry_on_429":false},"filename":"/Users/runner/work/xet-core/xet-core/xet_client/src/cas_client/retry_wrapper.rs","line_number":235}
{"timestamp":"2026-07-27T15:13:47.485830Z","level":"INFO","fields":{"message":"Received CAS response","request_id":"01KYJ2792RHFE6K8EW2TX8GFMY","status_code":206},"filename":"/Users/runner/work/xet-core/xet-core/xet_client/src/common/http_client.rs","line_number":288}
{"timestamp":"2026-07-27T15:13:47.485876Z","level":"INFO","fields":{"message":"Request Success: s3::get_range api call succeeded (request id 01KYJ2792RHFE6K8EW2TX8GFMY)."},"filename":"/Users/runner/work/xet-core/xet-core/xet_client/src/cas_client/retry_wrapper.rs","line_number":196}
{"timestamp":"2026-07-27T15:13:47.542685Z","level":"INFO","fields":{"message":"Received CAS response","request_id":"01KYJ27927PEC84Y98PVF7SPHS","status_code":206},"filename":"/Users/runner/work/xet-core/xet-core/xet_client/src/common/http_client.rs","line_number":288}
{"timestamp":"2026-07-27T15:13:47.542708Z","level":"INFO","fields":{"message":"Request Success: s3::get_range api call succeeded (request id 01KYJ27927PEC84Y98PVF7SPHS)."},"filename":"/Users/runner/work/xet-core/xet-core/xet_client/src/cas_client/retry_wrapper.rs","line_number":196}
{"timestamp":"2026-07-27T15:13:47.624915Z","level":"INFO","fields":{"message":"Received CAS response","request_id":"01KYJ27936V1Y9X8E83F8AM54K","status_code":206},"filename":"/Users/runner/work/xet-core/xet-core/xet_client/src/common/http_client.rs","line_number":288}
{"timestamp":"2026-07-27T15:13:47.624937Z","level":"INFO","fields":{"message":"Request Success: s3::get_range api call succeeded (request id 01KYJ27936V1Y9X8E83F8AM54K)."},"filename":"/Users/runner/work/xet-core/xet-core/xet_client/src/cas_client/retry_wrapper.rs","line_number":196}
{"timestamp":"2026-07-27T15:13:49.853357Z","level":"INFO","fields":{"message":"Concurrency control for download: Increased concurrency from 4 to 5; reason: success ratio 1.000 is above threshold 0.800 and predicted RTT for 61MB at new concurrency is 30.95s < target 60.0s"},"filename":"/Users/runner/work/xet-core/xet-core/xet_client/src/cas_client/adaptive_concurrency/controller.rs","line_number":543}
{"timestamp":"2026-07-27T15:13:50.585613Z","level":"INFO","fields":{"message":"Concurrency control for download: Increased concurrency from 5 to 6; reason: success ratio 1.000 is above threshold 0.800 and predicted RTT for 61MB at new concurrency is 39.36s < target 60.0s"},"filename":"/Users/runner/work/xet-core/xet-core/xet_client/src/cas_client/adaptive_concurrency/controller.rs","line_number":543}
{"timestamp":"2026-07-27T15:13:51.092995Z","level":"INFO","fields":{"message":"Concurrency control for download: Increased concurrency from 6 to 7; reason: success ratio 1.000 is above threshold 0.800 and predicted RTT for 61MB at new concurrency is 46.75s < target 60.0s"},"filename":"/Users/runner/work/xet-core/xet-core/xet_client/src/cas_client/adaptive_concurrency/controller.rs","line_number":543}
{"timestamp":"2026-07-27T15:13:51.623190Z","level":"INFO","fields":{"message":"Concurrency control for download: Increased concurrency from 7 to 8; reason: success ratio 1.000 is above threshold 0.800 and predicted RTT for 61MB at new concurrency is 54.59s < target 60.0s"},"filename":"/Users/runner/work/xet-core/xet-core/xet_client/src/cas_client/adaptive_concurrency/controller.rs","line_number":543}
{"timestamp":"2026-07-27T15:13:52.926211Z","level":"INFO","fields":{"message":"Concurrency control for download: Increased concurrency from 8 to 9; reason: success ratio 1.000 is above threshold 0.800 and predicted RTT for 61MB at new concurrency is 58.61s < target 60.0s"},"filename":"/Users/runner/work/xet-core/xet-core/xet_client/src/cas_client/adaptive_concurrency/controller.rs","line_number":543}
{"timestamp":"2026-07-27T15:13:53.463151Z","level":"INFO","fields":{"message":"Concurrency control for download: Increased concurrency from 9 to 10; reason: success ratio 1.000 is above threshold 0.800 and predicted RTT for 61MB at new concurrency is 59.99s < target 60.0s"},"filename":"/Users/runner/work/xet-core/xet-core/xet_client/src/cas_client/adaptive_concurrency/controller.rs","line_number":543}
{"timestamp":"2026-07-27T15:13:55.565683Z","level":"INFO","fields":{"message":"Concurrency control for download: Current concurrency = 10; predicted bandwidth = 4806289; success_ratio = 1.000; reference_size = 61.0MB; observed bytes sent so far = 79044509; completed transmissions = 2"},"filename":"/Users/runner/work/xet-core/xet-core/xet_client/src/cas_client/adaptive_concurrency/controller.rs","line_number":597}
{"timestamp":"2026-07-27T15:13:56.187951Z","level":"INFO","fields":{"message":"File reconstruction completed successfully","file_hash":"789fdf16a3e59f4fbfb6002967ecee539a198dadb5be74ca549aa7dc9b1b55fb","block_count":1,"total_terms_processed":4,"total_bytes_scheduled":90868376},"filename":"/Users/runner/work/xet-core/xet-core/xet_data/src/file_reconstruction/run_state.rs","line_number":150}
